ubuntu@Ubuntu@is@a@Debian-based@Linux@operating@sys…@12696@[OK]@
dorowu/ubuntu-desktop-lxde-vnc@Docker@image@to@provide@HTML5@VNC@interface@…@562@[OK]
websphere-liberty@WebSphere@Liberty@multi-architecture@images@…@280@[OK]@
rastasheep/ubuntu-sshd@Dockerized@SSH@service,@built@on@top@of@offi…@255@[OK]
consol/ubuntu-xfce-vnc@Ubuntu@container@with@"headless"@VNC@session…@241@[OK]
ubuntu-upstart@DEPRECATED,@as@is@Upstart@(find@other@proces…@113@[OK]@
1and1internet/ubuntu-16-nginx-php-phpmyadmin-mysql-5@ubuntu-16-nginx-php-phpmyadmin-mysql-5@50@[OK]
ubuntu-debootstrap@DEPRECATED;@use@"ubuntu"@instead@44@[OK]@
i386/ubuntu@Ubuntu@is@a@Debian-based@Linux@operating@sys…@25@
nuagebec/ubuntu@Simple@always@updated@Ubuntu@docker@images@w…@24@[OK]
1and1internet/ubuntu-16-apache-php-5.6@ubuntu-16-apache-php-5.6@14@[OK]
1and1internet/ubuntu-16-apache-php-7.0@ubuntu-16-apache-php-7.0@13@[OK]
1and1internet/ubuntu-16-nginx-php-phpmyadmin-mariadb-10@ubuntu-16-nginx-php-phpmyadmin-mariadb-10@11@[OK]
1and1internet/ubuntu-16-nginx-php-5.6-wordpress-4@ubuntu-16-nginx-php-5.6-wordpress-4@9@[OK]
1and1internet/ubuntu-16-nginx-php-5.6@ubuntu-16-nginx-php-5.6@8@[OK]
darksheer/ubuntu@Base@Ubuntu@Image@--@Updated@hourly@5@[OK]
1and1internet/ubuntu-16-nginx-php-7.0@ubuntu-16-nginx-php-7.0@4@[OK]
1and1internet/ubuntu-16-nginx-php-7.1-wordpress-4@ubuntu-16-nginx-php-7.1-wordpress-4@3@[OK]
owncloud/ubuntu@ownCloud@Ubuntu@base@image@3@
1and1internet/ubuntu-16-apache@ubuntu-16-apache@3@[OK]
1and1internet/ubuntu-16-apache-php-5.6-zend-2@ubuntu-16-apache-php-5.6-zend-2@2@[OK]
1and1internet/ubuntu-16-apache-php-5.6-drupal-8@ubuntu-16-apache-php-5.6-drupal-8@1@[OK]
1and1internet/ubuntu-16-php-7.1@ubuntu-16-php-7.1@1@[OK]
smartentry/ubuntu@ubuntu@with@smartentry@1@[OK]
1and1internet/ubuntu-16-rspec@ubuntu-16-rspec@0@[OK]
